[30-Dec-2025 09:33:17 Europe/Berlin] PHP Notice:  Undefined variable: coursetheme in /var/www/html/IMathAS/headercontentvcrp.php on line 2
[30-Dec-2025 09:33:17 Europe/Berlin] PHP Notice:  Undefined variable: coursetheme in /var/www/html/IMathAS/headercontentvcrp.php on line 5
[30-Dec-2025 09:33:17 Europe/Berlin] PHP Notice:  Undefined variable: coursetheme in /var/www/html/IMathAS/headercontentvcrp.php on line 5
[30-Dec-2025 09:33:17 Europe/Berlin] PHP Notice:  Undefined variable: coursetheme in /var/www/html/IMathAS/headercontentvcrp.php on line 5
[30-Dec-2025 09:33:17 Europe/Berlin] PHP Notice:  Undefined variable: coursetheme in /var/www/html/IMathAS/headercontentvcrp.php on line 5
[30-Dec-2025 09:34:46 Europe/Berlin] PHP Notice:  Undefined variable: coursetheme in /var/www/html/IMathAS/headercontentvcrp.php on line 2
[30-Dec-2025 09:34:46 Europe/Berlin] PHP Notice:  Undefined variable: coursetheme in /var/www/html/IMathAS/headercontentvcrp.php on line 5
[30-Dec-2025 09:34:46 Europe/Berlin] PHP Notice:  Undefined variable: coursetheme in /var/www/html/IMathAS/headercontentvcrp.php on line 5
[30-Dec-2025 09:34:46 Europe/Berlin] PHP Notice:  Undefined variable: coursetheme in /var/www/html/IMathAS/headercontentvcrp.php on line 5
[30-Dec-2025 09:34:46 Europe/Berlin] PHP Notice:  Undefined variable: coursetheme in /var/www/html/IMathAS/headercontentvcrp.php on line 5
[30-Dec-2025 09:34:52 Europe/Berlin] PHP Notice:  Undefined variable: coursetheme in /var/www/html/IMathAS/headercontentvcrp.php on line 2
[30-Dec-2025 09:34:52 Europe/Berlin] PHP Notice:  Undefined variable: coursetheme in /var/www/html/IMathAS/headercontentvcrp.php on line 5
[30-Dec-2025 09:34:52 Europe/Berlin] PHP Notice:  Undefined variable: coursetheme in /var/www/html/IMathAS/headercontentvcrp.php on line 5
[30-Dec-2025 09:34:52 Europe/Berlin] PHP Notice:  Undefined variable: coursetheme in /var/www/html/IMathAS/headercontentvcrp.php on line 5
[30-Dec-2025 09:34:52 Europe/Berlin] PHP Notice:  Undefined variable: coursetheme in /var/www/html/IMathAS/headercontentvcrp.php on line 5
[30-Dec-2025 09:35:14 Europe/Berlin] PHP Notice:  Undefined variable: coursetheme in /var/www/html/IMathAS/headercontentvcrp.php on line 2
[30-Dec-2025 09:35:14 Europe/Berlin] PHP Notice:  Undefined variable: coursetheme in /var/www/html/IMathAS/headercontentvcrp.php on line 5
[30-Dec-2025 09:35:14 Europe/Berlin] PHP Notice:  Undefined variable: coursetheme in /var/www/html/IMathAS/headercontentvcrp.php on line 5
[30-Dec-2025 09:35:14 Europe/Berlin] PHP Notice:  Undefined variable: coursetheme in /var/www/html/IMathAS/headercontentvcrp.php on line 5
[30-Dec-2025 09:35:14 Europe/Berlin] PHP Notice:  Undefined variable: coursetheme in /var/www/html/IMathAS/headercontentvcrp.php on line 5
[30-Dec-2025 09:40:15 Europe/Berlin] PHP Notice:  Undefined variable: coursetheme in /var/www/html/IMathAS/headercontentvcrp.php on line 2
[30-Dec-2025 09:40:15 Europe/Berlin] PHP Notice:  Undefined variable: coursetheme in /var/www/html/IMathAS/headercontentvcrp.php on line 5
[30-Dec-2025 09:40:15 Europe/Berlin] PHP Notice:  Undefined variable: coursetheme in /var/www/html/IMathAS/headercontentvcrp.php on line 5
[30-Dec-2025 09:40:15 Europe/Berlin] PHP Notice:  Undefined variable: coursetheme in /var/www/html/IMathAS/headercontentvcrp.php on line 5
[30-Dec-2025 09:40:15 Europe/Berlin] PHP Notice:  Undefined variable: coursetheme in /var/www/html/IMathAS/headercontentvcrp.php on line 5
[30-Dec-2025 09:40:37 Europe/Berlin] PHP Notice:  Undefined variable: coursetheme in /var/www/html/IMathAS/headercontentvcrp.php on line 2
[30-Dec-2025 09:40:37 Europe/Berlin] PHP Notice:  Undefined variable: coursetheme in /var/www/html/IMathAS/headercontentvcrp.php on line 5
[30-Dec-2025 09:40:37 Europe/Berlin] PHP Notice:  Undefined variable: coursetheme in /var/www/html/IMathAS/headercontentvcrp.php on line 5
[30-Dec-2025 09:40:37 Europe/Berlin] PHP Notice:  Undefined variable: coursetheme in /var/www/html/IMathAS/headercontentvcrp.php on line 5
[30-Dec-2025 09:40:37 Europe/Berlin] PHP Notice:  Undefined variable: coursetheme in /var/www/html/IMathAS/headercontentvcrp.php on line 5
[30-Dec-2025 09:40:52 Europe/Berlin] PHP Notice:  Undefined variable: coursetheme in /var/www/html/IMathAS/headercontentvcrp.php on line 2
[30-Dec-2025 09:40:52 Europe/Berlin] PHP Notice:  Undefined variable: coursetheme in /var/www/html/IMathAS/headercontentvcrp.php on line 5
[30-Dec-2025 09:40:52 Europe/Berlin] PHP Notice:  Undefined variable: coursetheme in /var/www/html/IMathAS/headercontentvcrp.php on line 5
[30-Dec-2025 09:40:52 Europe/Berlin] PHP Notice:  Undefined variable: coursetheme in /var/www/html/IMathAS/headercontentvcrp.php on line 5
[30-Dec-2025 09:40:52 Europe/Berlin] PHP Notice:  Undefined variable: coursetheme in /var/www/html/IMathAS/headercontentvcrp.php on line 5
[30-Dec-2025 09:41:11 Europe/Berlin] PHP Notice:  Undefined variable: coursetheme in /var/www/html/IMathAS/headercontentvcrp.php on line 2
[30-Dec-2025 09:41:11 Europe/Berlin] PHP Notice:  Undefined variable: coursetheme in /var/www/html/IMathAS/headercontentvcrp.php on line 5
[30-Dec-2025 09:41:11 Europe/Berlin] PHP Notice:  Undefined variable: coursetheme in /var/www/html/IMathAS/headercontentvcrp.php on line 5
[30-Dec-2025 09:41:11 Europe/Berlin] PHP Notice:  Undefined variable: coursetheme in /var/www/html/IMathAS/headercontentvcrp.php on line 5
[30-Dec-2025 09:41:11 Europe/Berlin] PHP Notice:  Undefined variable: coursetheme in /var/www/html/IMathAS/headercontentvcrp.php on line 5
[30-Dec-2025 09:46:17 Europe/Berlin] PHP Notice:  Undefined variable: coursetheme in /var/www/html/IMathAS/headercontentvcrp.php on line 2
[30-Dec-2025 09:46:17 Europe/Berlin] PHP Notice:  Undefined variable: coursetheme in /var/www/html/IMathAS/headercontentvcrp.php on line 5
[30-Dec-2025 09:46:17 Europe/Berlin] PHP Notice:  Undefined variable: coursetheme in /var/www/html/IMathAS/headercontentvcrp.php on line 5
[30-Dec-2025 09:46:17 Europe/Berlin] PHP Notice:  Undefined variable: coursetheme in /var/www/html/IMathAS/headercontentvcrp.php on line 5
[30-Dec-2025 09:46:17 Europe/Berlin] PHP Notice:  Undefined variable: coursetheme in /var/www/html/IMathAS/headercontentvcrp.php on line 5
[03-Jan-2026 15:14:21 Europe/Berlin] PHP Parse error:  syntax error, unexpected '$allownongrouplibs' (T_VARIABLE) in /var/www/html/IMathAS/config.php on line 74
[07-Jan-2026 19:54:20 Europe/Berlin] PHP Notice:  Undefined index: lastemail in /var/www/html/IMathAS/validate.php on line 389
[07-Jan-2026 19:54:20 Europe/Berlin] PHP Notice:  Undefined index: specialrights in /var/www/html/IMathAS/validate.php on line 401
[07-Jan-2026 19:54:20 Europe/Berlin] PHP Notice:  Undefined index: listperpage in /var/www/html/IMathAS/validate.php on line 421
[07-Jan-2026 19:54:20 Europe/Berlin] PHP Notice:  Undefined index: hasuserimg in /var/www/html/IMathAS/validate.php on line 423
[07-Jan-2026 19:54:20 Europe/Berlin] PHP Notice:  Undefined index: FCMtoken in /var/www/html/IMathAS/validate.php on line 429
[15-Jul-2026 12:59:59 Europe/Berlin] PHP Notice:  Undefined index: lastemail in /var/www/html/IMathAS/validate.php on line 469
[15-Jul-2026 12:59:59 Europe/Berlin] PHP Notice:  Undefined index: specialrights in /var/www/html/IMathAS/validate.php on line 481
[15-Jul-2026 12:59:59 Europe/Berlin] PHP Notice:  Undefined index: listperpage in /var/www/html/IMathAS/validate.php on line 501
[15-Jul-2026 12:59:59 Europe/Berlin] PHP Notice:  Undefined index: hasuserimg in /var/www/html/IMathAS/validate.php on line 503
[15-Jul-2026 12:59:59 Europe/Berlin] PHP Notice:  Undefined index: FCMtoken in /var/www/html/IMathAS/validate.php on line 509
[18-Jul-2026 11:46:45 Europe/Berlin] PHP Notice:  Undefined index: lastemail in /var/www/html/IMathAS/validate.php on line 469
[18-Jul-2026 11:46:45 Europe/Berlin] PHP Notice:  Undefined index: specialrights in /var/www/html/IMathAS/validate.php on line 481
[18-Jul-2026 11:46:45 Europe/Berlin] PHP Notice:  Undefined index: listperpage in /var/www/html/IMathAS/validate.php on line 501
[18-Jul-2026 11:46:45 Europe/Berlin] PHP Notice:  Undefined index: hasuserimg in /var/www/html/IMathAS/validate.php on line 503
[18-Jul-2026 11:46:45 Europe/Berlin] PHP Notice:  Undefined index: FCMtoken in /var/www/html/IMathAS/validate.php on line 509
[18-Jul-2026 14:57:21 Europe/Berlin] PHP Notice:  Undefined index: lastemail in /var/www/html/IMathAS/validate.php on line 469
[18-Jul-2026 14:57:21 Europe/Berlin] PHP Notice:  Undefined index: specialrights in /var/www/html/IMathAS/validate.php on line 481
[18-Jul-2026 14:57:21 Europe/Berlin] PHP Notice:  Undefined index: listperpage in /var/www/html/IMathAS/validate.php on line 501
[18-Jul-2026 14:57:21 Europe/Berlin] PHP Notice:  Undefined index: hasuserimg in /var/www/html/IMathAS/validate.php on line 503
[18-Jul-2026 14:57:21 Europe/Berlin] PHP Notice:  Undefined index: FCMtoken in /var/www/html/IMathAS/validate.php on line 509
[18-Jul-2026 18:34:39 Europe/Berlin] PHP Notice:  Undefined index: lastemail in /var/www/html/IMathAS/validate.php on line 469
[18-Jul-2026 18:34:39 Europe/Berlin] PHP Notice:  Undefined index: specialrights in /var/www/html/IMathAS/validate.php on line 481
[18-Jul-2026 18:34:39 Europe/Berlin] PHP Notice:  Undefined index: listperpage in /var/www/html/IMathAS/validate.php on line 501
[18-Jul-2026 18:34:39 Europe/Berlin] PHP Notice:  Undefined index: hasuserimg in /var/www/html/IMathAS/validate.php on line 503
[18-Jul-2026 18:34:39 Europe/Berlin] PHP Notice:  Undefined index: FCMtoken in /var/www/html/IMathAS/validate.php on line 509
