[25-Apr-2023 08:56:04 Europe/Berlin] Caught error by QuestionGenerator in /var/www/html/IMathAS/assessment/libs/copy.php in QSID 47:52 -- A non-numeric value encountered
[25-Apr-2023 08:56:04 Europe/Berlin] Caught error by QuestionGenerator in /var/www/html/IMathAS/assessment/libs/copy.php in QSID 47:52 -- A non-numeric value encountered
[25-Apr-2023 08:57:00 Europe/Berlin] Caught error by QuestionGenerator in /var/www/html/IMathAS/assessment/libs/copy.php in QSID 47:52 -- A non-numeric value encountered
[25-Apr-2023 08:57:00 Europe/Berlin] Caught error by QuestionGenerator in /var/www/html/IMathAS/assessment/libs/copy.php in QSID 47:52 -- A non-numeric value encountered
[25-Apr-2023 08:57:00 Europe/Berlin] Caught error by QuestionGenerator in /var/www/html/IMathAS/assessment/libs/copy.php in QSID 47:52 -- A non-numeric value encountered
[25-Apr-2023 08:57:00 Europe/Berlin] Caught error by QuestionGenerator in /var/www/html/IMathAS/assessment/libs/copy.php in QSID 47:52 -- A non-numeric value encountered
[23-May-2023 10:00:28 Europe/Berlin] Caught error by QuestionGenerator in /var/www/html/IMathAS/assess2/questions/QuestionHtmlGenerator.php(209) : eval()'d code in QSID 40:1 -- Use of undefined constant error - assumed 'error' (this will throw an Error in a future version of PHP)
[23-May-2023 10:07:29 Europe/Berlin] Caught error by QuestionGenerator in /var/www/html/IMathAS/assess2/questions/QuestionHtmlGenerator.php(209) : eval()'d code in QSID 40:1 -- Use of undefined constant error - assumed 'error' (this will throw an Error in a future version of PHP)
[17-Jul-2024 04:03:48 Europe/Berlin] Caught error by QuestionGenerator in /var/www/html/IMathAS/assess2/questions/QuestionHtmlGenerator.php(209) : eval()'d code in QSID 48:1 -- Use of undefined constant error - assumed 'error' (this will throw an Error in a future version of PHP)
[17-Jul-2024 04:05:06 Europe/Berlin] Caught error by QuestionGenerator in /var/www/html/IMathAS/assessment/libs/chatter.php in QSID 48:65 -- DOMDocument::loadHTML(): AttValue: ' expected in Entity, line: 2
[17-Jul-2024 04:05:06 Europe/Berlin] Caught error by QuestionGenerator in /var/www/html/IMathAS/assessment/libs/chatter.php in QSID 48:65 -- DOMDocument::loadHTML(): Couldn't find end of Start Tag div in Entity, line: 2
[17-Jul-2024 04:05:06 Europe/Berlin] Caught error by QuestionGenerator in /var/www/html/IMathAS/assessment/libs/chatter.php in QSID 48:65 -- DOMDocument::loadHTML(): AttValue: ' expected in Entity, line: 2
[17-Jul-2024 04:05:06 Europe/Berlin] Caught error by QuestionGenerator in /var/www/html/IMathAS/assessment/libs/chatter.php in QSID 48:65 -- DOMDocument::loadHTML(): Couldn't find end of Start Tag div in Entity, line: 2
[17-Jul-2024 04:31:00 Europe/Berlin] Caught error by QuestionGenerator in /var/www/html/IMathAS/assessment/libs/chatter.php in QSID 48:66 -- DOMDocument::loadHTML(): Unexpected end tag : b in Entity, line: 2
[17-Jul-2024 04:31:00 Europe/Berlin] Caught error by QuestionGenerator in /var/www/html/IMathAS/assessment/libs/chatter.php in QSID 48:66 -- DOMDocument::loadHTML(): Unexpected end tag : b in Entity, line: 2
[17-Jul-2024 04:31:48 Europe/Berlin] Caught error by QuestionGenerator in /var/www/html/IMathAS/assessment/libs/chatter.php in QSID 48:66 -- DOMDocument::loadHTML(): Unexpected end tag : b in Entity, line: 2
[17-Jul-2024 04:31:48 Europe/Berlin] Caught error by QuestionGenerator in /var/www/html/IMathAS/assessment/libs/chatter.php in QSID 48:66 -- DOMDocument::loadHTML(): Unexpected end tag : b in Entity, line: 2
[17-Jul-2024 04:46:31 Europe/Berlin] Caught error by QuestionGenerator in /var/www/html/IMathAS/assessment/libs/chatter.php in QSID 48:66 -- DOMDocument::loadHTML(): Unexpected end tag : b in Entity, line: 2
[17-Jul-2024 04:46:31 Europe/Berlin] Caught error by QuestionGenerator in /var/www/html/IMathAS/assessment/libs/chatter.php in QSID 48:66 -- DOMDocument::loadHTML(): Unexpected end tag : b in Entity, line: 2
[17-Jul-2024 10:58:31 Europe/Berlin] Caught error by QuestionGenerator in /var/www/html/IMathAS/assessment/libs/chatter.php in QSID 45:7 -- require(../../filter/math/ASCIIMath2TeX.php): failed to open stream: Datei oder Verzeichnis nicht gefunden
[17-Jul-2024 10:58:31 Europe/Berlin] PHP Fatal error:  require(): Failed opening required '../../filter/math/ASCIIMath2TeX.php' (include_path='.:/usr/share/php') in /var/www/html/IMathAS/assessment/libs/chatter.php on line 7
[17-Jul-2024 11:16:45 Europe/Berlin] Caught error by QuestionGenerator in /var/www/html/IMathAS/assessment/libs/chatter.php in QSID 45:7 -- require(/var/www/html/IMathAS/assessment/libs../../filter/math/ASCIIMath2TeX.php): failed to open stream: Datei oder Verzeichnis nicht gefunden
[17-Jul-2024 11:16:45 Europe/Berlin] PHP Fatal error:  require(): Failed opening required '/var/www/html/IMathAS/assessment/libs../../filter/math/ASCIIMath2TeX.php' (include_path='.:/usr/share/php') in /var/www/html/IMathAS/assessment/libs/chatter.php on line 7
[17-Jul-2024 13:13:25 Europe/Berlin] Caught error by QuestionGenerator in /var/www/html/IMathAS/assess2/questions/QuestionHtmlGenerator.php(209) : eval()'d code in QSID 48:1 -- Use of undefined constant error - assumed 'error' (this will throw an Error in a future version of PHP)
[20-Sep-2025 19:02:00 Europe/Berlin] Caught error by QuestionGenerator in /var/www/html/IMathAS/assess2/questions/QuestionHtmlGenerator.php(253) : eval()'d code in QSID 40:1 -- Use of undefined constant error - assumed 'error' (this will throw an Error in a future version of PHP)
[23-Sep-2025 10:29:50 Europe/Berlin] Caught error by QuestionGenerator in /var/www/html/IMathAS/assess2/questions/QuestionHtmlGenerator.php(253) : eval()'d code in QSID 39:1 -- Use of undefined constant error - assumed 'error' (this will throw an Error in a future version of PHP)
[05-Jan-2026 15:18:00 Europe/Berlin] Caught error by QuestionGenerator in /var/www/html/IMathAS/assess2/questions/QuestionHtmlGenerator.php(265) : eval()'d code in QSID 38:1 -- Use of undefined constant error - assumed 'error' (this will throw an Error in a future version of PHP)
[14-May-2026 14:16:59 Europe/Berlin] Caught error by QuestionGenerator in /var/www/html/IMathAS/assess2/questions/QuestionHtmlGenerator.php(265) : eval()'d code in QSID 67:1 -- Use of undefined constant error - assumed 'error' (this will throw an Error in a future version of PHP)
[14-May-2026 14:19:29 Europe/Berlin] Caught error by QuestionGenerator in /var/www/html/IMathAS/assess2/questions/QuestionHtmlGenerator.php(265) : eval()'d code in QSID 67:1 -- Use of undefined constant error - assumed 'error' (this will throw an Error in a future version of PHP)
[21-May-2026 16:03:37 Europe/Berlin] Caught error by QuestionGenerator in /var/www/html/IMathAS/assess2/questions/QuestionHtmlGenerator.php(265) : eval()'d code in QSID 71:1 -- Use of undefined constant error - assumed 'error' (this will throw an Error in a future version of PHP)
[15-Jul-2026 13:00:46 Europe/Berlin] PHP Notice:  Undefined index: graphdisp in /var/www/html/IMathAS/filter/filter.php on line 119
[15-Jul-2026 13:00:46 Europe/Berlin] PHP Notice:  Undefined index: mathdisp in /var/www/html/IMathAS/filter/filter.php on line 127
[15-Jul-2026 13:00:46 Europe/Berlin] PHP Notice:  Undefined index: graphdisp in /var/www/html/IMathAS/filter/filter.php on line 134
[15-Jul-2026 13:00:46 Europe/Berlin] PHP Notice:  Undefined index: graphdisp in /var/www/html/IMathAS/filter/filter.php on line 119
[15-Jul-2026 13:00:46 Europe/Berlin] PHP Notice:  Undefined index: mathdisp in /var/www/html/IMathAS/filter/filter.php on line 127
[15-Jul-2026 13:00:46 Europe/Berlin] PHP Notice:  Undefined index: graphdisp in /var/www/html/IMathAS/filter/filter.php on line 134
[15-Jul-2026 13:00:46 Europe/Berlin] PHP Notice:  Undefined index: graphdisp in /var/www/html/IMathAS/filter/filter.php on line 119
[15-Jul-2026 13:00:46 Europe/Berlin] PHP Notice:  Undefined index: mathdisp in /var/www/html/IMathAS/filter/filter.php on line 127
[15-Jul-2026 13:00:46 Europe/Berlin] PHP Notice:  Undefined index: graphdisp in /var/www/html/IMathAS/filter/filter.php on line 134
[15-Jul-2026 13:00:46 Europe/Berlin] PHP Notice:  Undefined index: graphdisp in /var/www/html/IMathAS/filter/filter.php on line 119
[15-Jul-2026 13:00:46 Europe/Berlin] PHP Notice:  Undefined index: mathdisp in /var/www/html/IMathAS/filter/filter.php on line 127
[15-Jul-2026 13:00:46 Europe/Berlin] PHP Notice:  Undefined index: graphdisp in /var/www/html/IMathAS/filter/filter.php on line 134
[15-Jul-2026 13:00:46 Europe/Berlin] PHP Notice:  Undefined index: graphdisp in /var/www/html/IMathAS/filter/filter.php on line 119
[15-Jul-2026 13:00:46 Europe/Berlin] PHP Notice:  Undefined index: mathdisp in /var/www/html/IMathAS/filter/filter.php on line 127
[15-Jul-2026 13:00:46 Europe/Berlin] PHP Notice:  Undefined index: graphdisp in /var/www/html/IMathAS/filter/filter.php on line 134
[15-Jul-2026 13:00:46 Europe/Berlin] PHP Notice:  Undefined index: graphdisp in /var/www/html/IMathAS/filter/filter.php on line 119
[15-Jul-2026 13:00:46 Europe/Berlin] PHP Notice:  Undefined index: mathdisp in /var/www/html/IMathAS/filter/filter.php on line 127
[15-Jul-2026 13:00:46 Europe/Berlin] PHP Notice:  Undefined index: graphdisp in /var/www/html/IMathAS/filter/filter.php on line 134
[15-Jul-2026 13:00:46 Europe/Berlin] PHP Notice:  Undefined index: graphdisp in /var/www/html/IMathAS/filter/filter.php on line 119
[15-Jul-2026 13:00:46 Europe/Berlin] PHP Notice:  Undefined index: mathdisp in /var/www/html/IMathAS/filter/filter.php on line 127
[15-Jul-2026 13:00:46 Europe/Berlin] PHP Notice:  Undefined index: graphdisp in /var/www/html/IMathAS/filter/filter.php on line 134
[15-Jul-2026 13:04:20 Europe/Berlin] PHP Notice:  Undefined index: graphdisp in /var/www/html/IMathAS/filter/filter.php on line 119
[15-Jul-2026 13:04:20 Europe/Berlin] PHP Notice:  Undefined index: mathdisp in /var/www/html/IMathAS/filter/filter.php on line 127
[15-Jul-2026 13:04:20 Europe/Berlin] PHP Notice:  Undefined index: graphdisp in /var/www/html/IMathAS/filter/filter.php on line 134
[15-Jul-2026 13:04:20 Europe/Berlin] PHP Notice:  Undefined index: graphdisp in /var/www/html/IMathAS/filter/filter.php on line 119
[15-Jul-2026 13:04:20 Europe/Berlin] PHP Notice:  Undefined index: mathdisp in /var/www/html/IMathAS/filter/filter.php on line 127
[15-Jul-2026 13:04:20 Europe/Berlin] PHP Notice:  Undefined index: graphdisp in /var/www/html/IMathAS/filter/filter.php on line 134
[15-Jul-2026 13:04:20 Europe/Berlin] PHP Notice:  Undefined index: graphdisp in /var/www/html/IMathAS/filter/filter.php on line 119
[15-Jul-2026 13:04:20 Europe/Berlin] PHP Notice:  Undefined index: mathdisp in /var/www/html/IMathAS/filter/filter.php on line 127
[15-Jul-2026 13:04:20 Europe/Berlin] PHP Notice:  Undefined index: graphdisp in /var/www/html/IMathAS/filter/filter.php on line 134
[15-Jul-2026 13:04:20 Europe/Berlin] PHP Notice:  Undefined index: graphdisp in /var/www/html/IMathAS/filter/filter.php on line 119
[15-Jul-2026 13:04:20 Europe/Berlin] PHP Notice:  Undefined index: mathdisp in /var/www/html/IMathAS/filter/filter.php on line 127
[15-Jul-2026 13:04:20 Europe/Berlin] PHP Notice:  Undefined index: graphdisp in /var/www/html/IMathAS/filter/filter.php on line 134
[15-Jul-2026 13:04:20 Europe/Berlin] PHP Notice:  Undefined index: graphdisp in /var/www/html/IMathAS/filter/filter.php on line 119
[15-Jul-2026 13:04:20 Europe/Berlin] PHP Notice:  Undefined index: mathdisp in /var/www/html/IMathAS/filter/filter.php on line 127
[15-Jul-2026 13:04:20 Europe/Berlin] PHP Notice:  Undefined index: graphdisp in /var/www/html/IMathAS/filter/filter.php on line 134
[15-Jul-2026 13:04:20 Europe/Berlin] PHP Notice:  Undefined index: graphdisp in /var/www/html/IMathAS/filter/filter.php on line 119
[15-Jul-2026 13:04:20 Europe/Berlin] PHP Notice:  Undefined index: mathdisp in /var/www/html/IMathAS/filter/filter.php on line 127
[15-Jul-2026 13:04:20 Europe/Berlin] PHP Notice:  Undefined index: graphdisp in /var/www/html/IMathAS/filter/filter.php on line 134
[15-Jul-2026 13:04:20 Europe/Berlin] PHP Notice:  Undefined index: graphdisp in /var/www/html/IMathAS/filter/filter.php on line 119
[15-Jul-2026 13:04:20 Europe/Berlin] PHP Notice:  Undefined index: mathdisp in /var/www/html/IMathAS/filter/filter.php on line 127
[15-Jul-2026 13:04:20 Europe/Berlin] PHP Notice:  Undefined index: graphdisp in /var/www/html/IMathAS/filter/filter.php on line 134
[15-Jul-2026 13:04:23 Europe/Berlin] PHP Notice:  Undefined index: useed in /var/www/html/IMathAS/course/addquestions2.php on line 606
[18-Jul-2026 18:34:55 Europe/Berlin] PHP Notice:  Undefined index: graphdisp in /var/www/html/IMathAS/filter/filter.php on line 119
[18-Jul-2026 18:34:55 Europe/Berlin] PHP Notice:  Undefined index: mathdisp in /var/www/html/IMathAS/filter/filter.php on line 127
[18-Jul-2026 18:34:55 Europe/Berlin] PHP Notice:  Undefined index: graphdisp in /var/www/html/IMathAS/filter/filter.php on line 134
[18-Jul-2026 18:34:55 Europe/Berlin] PHP Notice:  Undefined index: graphdisp in /var/www/html/IMathAS/filter/filter.php on line 119
[18-Jul-2026 18:34:55 Europe/Berlin] PHP Notice:  Undefined index: mathdisp in /var/www/html/IMathAS/filter/filter.php on line 127
[18-Jul-2026 18:34:55 Europe/Berlin] PHP Notice:  Undefined index: graphdisp in /var/www/html/IMathAS/filter/filter.php on line 134
[18-Jul-2026 18:34:55 Europe/Berlin] PHP Notice:  Undefined index: graphdisp in /var/www/html/IMathAS/filter/filter.php on line 119
[18-Jul-2026 18:34:55 Europe/Berlin] PHP Notice:  Undefined index: mathdisp in /var/www/html/IMathAS/filter/filter.php on line 127
[18-Jul-2026 18:34:55 Europe/Berlin] PHP Notice:  Undefined index: graphdisp in /var/www/html/IMathAS/filter/filter.php on line 134
[18-Jul-2026 18:34:55 Europe/Berlin] PHP Notice:  Undefined index: graphdisp in /var/www/html/IMathAS/filter/filter.php on line 119
[18-Jul-2026 18:34:55 Europe/Berlin] PHP Notice:  Undefined index: mathdisp in /var/www/html/IMathAS/filter/filter.php on line 127
[18-Jul-2026 18:34:55 Europe/Berlin] PHP Notice:  Undefined index: graphdisp in /var/www/html/IMathAS/filter/filter.php on line 134
[18-Jul-2026 18:34:55 Europe/Berlin] PHP Notice:  Undefined index: graphdisp in /var/www/html/IMathAS/filter/filter.php on line 119
[18-Jul-2026 18:34:55 Europe/Berlin] PHP Notice:  Undefined index: mathdisp in /var/www/html/IMathAS/filter/filter.php on line 127
[18-Jul-2026 18:34:55 Europe/Berlin] PHP Notice:  Undefined index: graphdisp in /var/www/html/IMathAS/filter/filter.php on line 134
[18-Jul-2026 18:34:55 Europe/Berlin] PHP Notice:  Undefined index: graphdisp in /var/www/html/IMathAS/filter/filter.php on line 119
[18-Jul-2026 18:34:55 Europe/Berlin] PHP Notice:  Undefined index: mathdisp in /var/www/html/IMathAS/filter/filter.php on line 127
[18-Jul-2026 18:34:55 Europe/Berlin] PHP Notice:  Undefined index: graphdisp in /var/www/html/IMathAS/filter/filter.php on line 134
[18-Jul-2026 18:34:55 Europe/Berlin] PHP Notice:  Undefined index: graphdisp in /var/www/html/IMathAS/filter/filter.php on line 119
[18-Jul-2026 18:34:55 Europe/Berlin] PHP Notice:  Undefined index: mathdisp in /var/www/html/IMathAS/filter/filter.php on line 127
[18-Jul-2026 18:34:55 Europe/Berlin] PHP Notice:  Undefined index: graphdisp in /var/www/html/IMathAS/filter/filter.php on line 134
[18-Jul-2026 18:38:23 Europe/Berlin] PHP Notice:  Undefined index: graphdisp in /var/www/html/IMathAS/filter/filter.php on line 119
[18-Jul-2026 18:38:23 Europe/Berlin] PHP Notice:  Undefined index: mathdisp in /var/www/html/IMathAS/filter/filter.php on line 127
[18-Jul-2026 18:38:23 Europe/Berlin] PHP Notice:  Undefined index: graphdisp in /var/www/html/IMathAS/filter/filter.php on line 134
[18-Jul-2026 18:38:23 Europe/Berlin] PHP Notice:  Undefined index: graphdisp in /var/www/html/IMathAS/filter/filter.php on line 119
[18-Jul-2026 18:38:23 Europe/Berlin] PHP Notice:  Undefined index: mathdisp in /var/www/html/IMathAS/filter/filter.php on line 127
[18-Jul-2026 18:38:23 Europe/Berlin] PHP Notice:  Undefined index: graphdisp in /var/www/html/IMathAS/filter/filter.php on line 134
[18-Jul-2026 18:38:23 Europe/Berlin] PHP Notice:  Undefined index: graphdisp in /var/www/html/IMathAS/filter/filter.php on line 119
[18-Jul-2026 18:38:23 Europe/Berlin] PHP Notice:  Undefined index: mathdisp in /var/www/html/IMathAS/filter/filter.php on line 127
[18-Jul-2026 18:38:23 Europe/Berlin] PHP Notice:  Undefined index: graphdisp in /var/www/html/IMathAS/filter/filter.php on line 134
[18-Jul-2026 18:38:23 Europe/Berlin] PHP Notice:  Undefined index: graphdisp in /var/www/html/IMathAS/filter/filter.php on line 119
[18-Jul-2026 18:38:23 Europe/Berlin] PHP Notice:  Undefined index: mathdisp in /var/www/html/IMathAS/filter/filter.php on line 127
[18-Jul-2026 18:38:23 Europe/Berlin] PHP Notice:  Undefined index: graphdisp in /var/www/html/IMathAS/filter/filter.php on line 134
[18-Jul-2026 18:38:23 Europe/Berlin] PHP Notice:  Undefined index: graphdisp in /var/www/html/IMathAS/filter/filter.php on line 119
[18-Jul-2026 18:38:23 Europe/Berlin] PHP Notice:  Undefined index: mathdisp in /var/www/html/IMathAS/filter/filter.php on line 127
[18-Jul-2026 18:38:23 Europe/Berlin] PHP Notice:  Undefined index: graphdisp in /var/www/html/IMathAS/filter/filter.php on line 134
[18-Jul-2026 18:38:23 Europe/Berlin] PHP Notice:  Undefined index: graphdisp in /var/www/html/IMathAS/filter/filter.php on line 119
[18-Jul-2026 18:38:23 Europe/Berlin] PHP Notice:  Undefined index: mathdisp in /var/www/html/IMathAS/filter/filter.php on line 127
[18-Jul-2026 18:38:23 Europe/Berlin] PHP Notice:  Undefined index: graphdisp in /var/www/html/IMathAS/filter/filter.php on line 134
[18-Jul-2026 18:38:23 Europe/Berlin] PHP Notice:  Undefined index: graphdisp in /var/www/html/IMathAS/filter/filter.php on line 119
[18-Jul-2026 18:38:23 Europe/Berlin] PHP Notice:  Undefined index: mathdisp in /var/www/html/IMathAS/filter/filter.php on line 127
[18-Jul-2026 18:38:23 Europe/Berlin] PHP Notice:  Undefined index: graphdisp in /var/www/html/IMathAS/filter/filter.php on line 134
